
> data-experts-360@0.1.0 build
> next build

Γû▓ Next.js 16.1.6 (Turbopack)

  Creating an optimized production build ...
node.exe : 
At line:1 char:1
+ & "C:\Program Files
\nodejs/node.exe" "C:
\Users\A\AppData\Roam
ing\npm/ ...
+ ~~~~~~~~~~~~~~~~~~~
~~~~~~~~~~~~~~~~~~~~~
~~~~~~~~~~~~~~~~~~~~~
~~~~~~~~
    + CategoryInfo   
           : NotSpe  
  cified: (:String   
 ) [], RemoteExce    
ption
    + FullyQualified 
   ErrorId : Native  
  CommandError
 
> Build error 
occurred
Error: Turbopack 
build failed with 13 
errors:
./src/components/Anim
atedBackground.tsx:1:
10
Ecmascript file had 
an error
[0m[31m[1m>[22m[
39m[90m 1 |[39m 
[36mimport[39m { 
useEffect[33m,[39m 
useRef } 
[36mfrom[39m [32m'
react'[39m[33m;[39
m
 [90m   |[39m      
    [31m[1m^[22m[
39m[31m[1m^[22m[3
9m[31m[1m^[22m[39
m[31m[1m^[22m[39m
[31m[1m^[22m[39m
[31m[1m^[22m[39m[
31m[1m^[22m[39m[3
1m[1m^[22m[39m[31
m[1m^[22m[39m
 [90m 2 |[39m
 [90m 3 |[39m 
[36minterface[39m 
[33mParticle[39m {
 [90m 4 |[39m   
x[33m:[39m 
number[33m;[39m[0m

You're importing a 
component that needs 
`useEffect`. This 
React Hook only 
works in a Client 
Component. To fix, 
mark the file (or 
its parent) with the 
`"use client"` 
directive.

 Learn more: https://
nextjs.org/docs/app/a
pi-reference/directiv
es/use-client



Import traces:
  Server Component:
    ./src/components/
AnimatedBackground.ts
x
    
./src/app/page.tsx

  Client Component 
Browser:
    ./src/components/
AnimatedBackground.ts
x [Client Component 
Browser]
    ./src/app/about/p
age.tsx [Client 
Component Browser]
    ./src/app/about/p
age.tsx [Server 
Component]

  Client Component 
SSR:
    ./src/components/
AnimatedBackground.ts
x [Client Component 
SSR]
    ./src/app/about/p
age.tsx [Client 
Component SSR]
    ./src/app/about/p
age.tsx [Server 
Component]


./src/components/Anim
atedBackground.tsx:1:
21
Ecmascript file had 
an error
[0m[31m[1m>[22m[
39m[90m 1 |[39m 
[36mimport[39m { 
useEffect[33m,[39m 
useRef } 
[36mfrom[39m [32m'
react'[39m[33m;[39
m
 [90m   |[39m      
               [31m
[1m^[22m[39m[31m[
1m^[22m[39m[31m[1
m^[22m[39m[31m[1m
^[22m[39m[31m[1m^
[22m[39m[31m[1m^
[22m[39m
 [90m 2 |[39m
 [90m 3 |[39m 
[36minterface[39m 
[33mParticle[39m {
 [90m 4 |[39m   
x[33m:[39m 
number[33m;[39m[0m

You're importing a 
component that needs 
`useRef`. This React 
Hook only works in a 
Client Component. To 
fix, mark the file 
(or its parent) with 
the `"use client"` 
directive.

 Learn more: https://
nextjs.org/docs/app/a
pi-reference/directiv
es/use-client



Import traces:
  Server Component:
    ./src/components/
AnimatedBackground.ts
x
    
./src/app/page.tsx

  Client Component 
Browser:
    ./src/components/
AnimatedBackground.ts
x [Client Component 
Browser]
    ./src/app/about/p
age.tsx [Client 
Component Browser]
    ./src/app/about/p
age.tsx [Server 
Component]

  Client Component 
SSR:
    ./src/components/
AnimatedBackground.ts
x [Client Component 
SSR]
    ./src/app/about/p
age.tsx [Client 
Component SSR]
    ./src/app/about/p
age.tsx [Server 
Component]


./src/components/Hero
Section.tsx:1:17
Ecmascript file had 
an error
[0m[31m[1m>[22m[
39m[90m 1 |[39m 
[36mimport[39m [33
mReact[39m[33m,[39
m { 
useRef[33m,[39m 
useMemo } 
[36mfrom[39m [32m'
react'[39m[33m;[39
m
 [90m   |[39m      
           [31m[1m^
[22m[39m[31m[1m^
[22m[39m[31m[1m^[
22m[39m[31m[1m^[2
2m[39m[31m[1m^[22
m[39m[31m[1m^[22m
[39m
 [90m 2 |[39m 
[36mimport[39m 
[33mLink[39m 
[36mfrom[39m [32m'
next/link'[39m[33m;
[39m
 [90m 3 |[39m 
[36mimport[39m { 
motion } 
[36mfrom[39m [32m'
framer-motion'[39m[
33m;[39m
 [90m 4 |[39m 
[36mimport[39m { [
33mArrowRight[39m[3
3m,[39m [33mCheckCi
rcle2[39m } 
[36mfrom[39m [32m'
lucide-react'[39m[3
3m;[39m[0m

You're importing a 
component that needs 
`useRef`. This React 
Hook only works in a 
Client Component. To 
fix, mark the file 
(or its parent) with 
the `"use client"` 
directive.

 Learn more: https://
nextjs.org/docs/app/a
pi-reference/directiv
es/use-client



Import trace:
  Server Component:
    ./src/components/
HeroSection.tsx
    
./src/app/page.tsx


./src/components/Navb
ar.tsx:1:28
Ecmascript file had 
an error
[0m[31m[1m>[22m[
39m[90m 1 |[39m 
[36mimport[39m { 
useState[33m,[39m 
useRef[33m,[39m 
useEffect } 
[36mfrom[39m [32m'
react'[39m[33m;[39
m
 [90m   |[39m      
                     
 [31m[1m^[22m[39m
[31m[1m^[22m[39m
[31m[1m^[22m[39m[
31m[1m^[22m[39m[3
1m[1m^[22m[39m[31
m[1m^[22m[39m[31m
[1m^[22m[39m[31m
[1m^[22m[39m[31m[
1m^[22m[39m
 [90m 2 |[39m 
[36mimport[39m 
[33mLink[39m 
[36mfrom[39m [32m'
next/link'[39m[33m;
[39m
 [90m 3 |[39m 
[36mimport[39m { 
usePathname } 
[36mfrom[39m [32m'
next/navigation'[39m
[33m;[39m
 [90m 4 |[39m 
[36mimport[39m { 
motion[33m,[39m [3
3mAnimatePresence[39
m } [36mfrom[39m [
32m'framer-motion'[3
9m[33m;[39m[0m

You're importing a 
component that needs 
`useEffect`. This 
React Hook only 
works in a Client 
Component. To fix, 
mark the file (or 
its parent) with the 
`"use client"` 
directive.

 Learn more: https://
nextjs.org/docs/app/a
pi-reference/directiv
es/use-client



Import traces:
  Server Component:
    ./src/components/
Navbar.tsx
    
./src/app/page.tsx

  Client Component 
Browser:
    ./src/components/
Navbar.tsx [Client 
Component Browser]
    ./src/app/about/p
age.tsx [Client 
Component Browser]
    ./src/app/about/p
age.tsx [Server 
Component]

  Client Component 
SSR:
    ./src/components/
Navbar.tsx [Client 
Component SSR]
    ./src/app/about/p
age.tsx [Client 
Component SSR]
    ./src/app/about/p
age.tsx [Server 
Component]


./src/components/Navb
ar.tsx:3:10
Ecmascript file had 
an error
[0m [90m 1 |[39m 
[36mimport[39m { 
useState[33m,[39m 
useRef[33m,[39m 
useEffect } 
[36mfrom[39m [32m'
react'[39m[33m;[39
m
 [90m 2 |[39m 
[36mimport[39m 
[33mLink[39m 
[36mfrom[39m [32m'
next/link'[39m[33m;
[39m
[31m[1m>[22m[39m
[90m 3 |[39m 
[36mimport[39m { 
usePathname } 
[36mfrom[39m [32m'
next/navigation'[39m
[33m;[39m
 [90m   |[39m      
    [31m[1m^[22m[
39m[31m[1m^[22m[3
9m[31m[1m^[22m[39
m[31m[1m^[22m[39m
[31m[1m^[22m[39m
[31m[1m^[22m[39m[
31m[1m^[22m[39m[3
1m[1m^[22m[39m[31
m[1m^[22m[39m[31m
[1m^[22m[39m[31m
[1m^[22m[39m
 [90m 4 |[39m 
[36mimport[39m { 
motion[33m,[39m [3
3mAnimatePresence[39
m } [36mfrom[39m [
32m'framer-motion'[3
9m[33m;[39m
 [90m 5 |[39m 
[36mimport[39m {
 [90m 6 |[39m   [3
3mChevronDown[39m[3
3m,[39m [33mMenu[3
9m[33m,[39m [33mX
[39m[33m,[39m [33m
Send[39m[33m,[39m
[0m

You're importing a 
component that needs 
`usePathname`. This 
React Hook only 
works in a Client 
Component. To fix, 
mark the file (or 
its parent) with the 
`"use client"` 
directive.

 Learn more: https://
nextjs.org/docs/app/a
pi-reference/directiv
es/use-client



Import traces:
  Server Component:
    ./src/components/
Navbar.tsx
    
./src/app/page.tsx

  Client Component 
Browser:
    ./src/components/
Navbar.tsx [Client 
Component Browser]
    ./src/app/about/p
age.tsx [Client 
Component Browser]
    ./src/app/about/p
age.tsx [Server 
Component]

  Client Component 
SSR:
    ./src/components/
Navbar.tsx [Client 
Component SSR]
    ./src/app/about/p
age.tsx [Client 
Component SSR]
    ./src/app/about/p
age.tsx [Server 
Component]


./src/components/Navb
ar.tsx:1:20
Ecmascript file had 
an error
[0m[31m[1m>[22m[
39m[90m 1 |[39m 
[36mimport[39m { 
useState[33m,[39m 
useRef[33m,[39m 
useEffect } 
[36mfrom[39m [32m'
react'[39m[33m;[39
m
 [90m   |[39m      
              [31m[
1m^[22m[39m[31m[1
m^[22m[39m[31m[1m
^[22m[39m[31m[1m^
[22m[39m[31m[1m^
[22m[39m[31m[1m^[
22m[39m
 [90m 2 |[39m 
[36mimport[39m 
[33mLink[39m 
[36mfrom[39m [32m'
next/link'[39m[33m;
[39m
 [90m 3 |[39m 
[36mimport[39m { 
usePathname } 
[36mfrom[39m [32m'
next/navigation'[39m
[33m;[39m
 [90m 4 |[39m 
[36mimport[39m { 
motion[33m,[39m [3
3mAnimatePresence[39
m } [36mfrom[39m [
32m'framer-motion'[3
9m[33m;[39m[0m

You're importing a 
component that needs 
`useRef`. This React 
Hook only works in a 
Client Component. To 
fix, mark the file 
(or its parent) with 
the `"use client"` 
directive.

 Learn more: https://
nextjs.org/docs/app/a
pi-reference/directiv
es/use-client



Import traces:
  Server Component:
    ./src/components/
Navbar.tsx
    
./src/app/page.tsx

  Client Component 
Browser:
    ./src/components/
Navbar.tsx [Client 
Component Browser]
    ./src/app/about/p
age.tsx [Client 
Component Browser]
    ./src/app/about/p
age.tsx [Server 
Component]

  Client Component 
SSR:
    ./src/components/
Navbar.tsx [Client 
Component SSR]
    ./src/app/about/p
age.tsx [Client 
Component SSR]
    ./src/app/about/p
age.tsx [Server 
Component]


./src/components/Navb
ar.tsx:1:10
Ecmascript file had 
an error
[0m[31m[1m>[22m[
39m[90m 1 |[39m 
[36mimport[39m { 
useState[33m,[39m 
useRef[33m,[39m 
useEffect } 
[36mfrom[39m [32m'
react'[39m[33m;[39
m
 [90m   |[39m      
    [31m[1m^[22m[
39m[31m[1m^[22m[3
9m[31m[1m^[22m[39
m[31m[1m^[22m[39m
[31m[1m^[22m[39m
[31m[1m^[22m[39m[
31m[1m^[22m[39m[3
1m[1m^[22m[39m
 [90m 2 |[39m 
[36mimport[39m 
[33mLink[39m 
[36mfrom[39m [32m'
next/link'[39m[33m;
[39m
 [90m 3 |[39m 
[36mimport[39m { 
usePathname } 
[36mfrom[39m [32m'
next/navigation'[39m
[33m;[39m
 [90m 4 |[39m 
[36mimport[39m { 
motion[33m,[39m [3
3mAnimatePresence[39
m } [36mfrom[39m [
32m'framer-motion'[3
9m[33m;[39m[0m

You're importing a 
component that needs 
`useState`. This 
React Hook only 
works in a Client 
Component. To fix, 
mark the file (or 
its parent) with the 
`"use client"` 
directive.

 Learn more: https://
nextjs.org/docs/app/a
pi-reference/directiv
es/use-client



Import traces:
  Server Component:
    ./src/components/
Navbar.tsx
    
./src/app/page.tsx

  Client Component 
Browser:
    ./src/components/
Navbar.tsx [Client 
Component Browser]
    ./src/app/about/p
age.tsx [Client 
Component Browser]
    ./src/app/about/p
age.tsx [Server 
Component]

  Client Component 
SSR:
    ./src/components/
Navbar.tsx [Client 
Component SSR]
    ./src/app/about/p
age.tsx [Client 
Component SSR]
    ./src/app/about/p
age.tsx [Server 
Component]


./src/components/Stat
sCounter.tsx:1:10
Ecmascript file had 
an error
[0m[31m[1m>[22m[
39m[90m 1 |[39m 
[36mimport[39m { 
useEffect[33m,[39m 
useState[33m,[39m 
useRef } 
[36mfrom[39m [32m'
react'[39m[33m;[39
m
 [90m   |[39m      
    [31m[1m^[22m[
39m[31m[1m^[22m[3
9m[31m[1m^[22m[39
m[31m[1m^[22m[39m
[31m[1m^[22m[39m
[31m[1m^[22m[39m[
31m[1m^[22m[39m[3
1m[1m^[22m[39m[31
m[1m^[22m[39m
 [90m 2 |[39m 
[36mimport[39m { 
motion[33m,[39m 
useInView } 
[36mfrom[39m [32m'
framer-motion'[39m[
33m;[39m
 [90m 3 |[39m 
[36mimport[39m { [
33mUsers[39m[33m,[
39m [33mBriefcase[3
9m[33m,[39m [33mGl
obe2[39m[33m,[39m 
[33mAward[39m } 
[36mfrom[39m [32m'
lucide-react'[39m[3
3m;[39m
 [90m 4 |[39m[0m

You're importing a 
component that needs 
`useEffect`. This 
React Hook only 
works in a Client 
Component. To fix, 
mark the file (or 
its parent) with the 
`"use client"` 
directive.

 Learn more: https://
nextjs.org/docs/app/a
pi-reference/directiv
es/use-client



Import trace:
  Server Component:
    ./src/components/
StatsCounter.tsx
    
./src/app/page.tsx


./src/components/Stat
sCounter.tsx:1:31
Ecmascript file had 
an error
[0m[31m[1m>[22m[
39m[90m 1 |[39m 
[36mimport[39m { 
useEffect[33m,[39m 
useState[33m,[39m 
useRef } 
[36mfrom[39m [32m'
react'[39m[33m;[39
m
 [90m   |[39m      
                     
    [31m[1m^[22m[
39m[31m[1m^[22m[3
9m[31m[1m^[22m[39
m[31m[1m^[22m[39m
[31m[1m^[22m[39m
[31m[1m^[22m[39m
 [90m 2 |[39m 
[36mimport[39m { 
motion[33m,[39m 
useInView } 
[36mfrom[39m [32m'
framer-motion'[39m[
33m;[39m
 [90m 3 |[39m 
[36mimport[39m { [
33mUsers[39m[33m,[
39m [33mBriefcase[3
9m[33m,[39m [33mGl
obe2[39m[33m,[39m 
[33mAward[39m } 
[36mfrom[39m [32m'
lucide-react'[39m[3
3m;[39m
 [90m 4 |[39m[0m

You're importing a 
component that needs 
`useRef`. This React 
Hook only works in a 
Client Component. To 
fix, mark the file 
(or its parent) with 
the `"use client"` 
directive.

 Learn more: https://
nextjs.org/docs/app/a
pi-reference/directiv
es/use-client



Import trace:
  Server Component:
    ./src/components/
StatsCounter.tsx
    
./src/app/page.tsx


./src/components/Stat
sCounter.tsx:1:21
Ecmascript file had 
an error
[0m[31m[1m>[22m[
39m[90m 1 |[39m 
[36mimport[39m { 
useEffect[33m,[39m 
useState[33m,[39m 
useRef } 
[36mfrom[39m [32m'
react'[39m[33m;[39
m
 [90m   |[39m      
               [31m
[1m^[22m[39m[31m[
1m^[22m[39m[31m[1
m^[22m[39m[31m[1m
^[22m[39m[31m[1m^
[22m[39m[31m[1m^
[22m[39m[31m[1m^[
22m[39m[31m[1m^[2
2m[39m
 [90m 2 |[39m 
[36mimport[39m { 
motion[33m,[39m 
useInView } 
[36mfrom[39m [32m'
framer-motion'[39m[
33m;[39m
 [90m 3 |[39m 
[36mimport[39m { [
33mUsers[39m[33m,[
39m [33mBriefcase[3
9m[33m,[39m [33mGl
obe2[39m[33m,[39m 
[33mAward[39m } 
[36mfrom[39m [32m'
lucide-react'[39m[3
3m;[39m
 [90m 4 |[39m[0m

You're importing a 
component that needs 
`useState`. This 
React Hook only 
works in a Client 
Component. To fix, 
mark the file (or 
its parent) with the 
`"use client"` 
directive.

 Learn more: https://
nextjs.org/docs/app/a
pi-reference/directiv
es/use-client



Import trace:
  Server Component:
    ./src/components/
StatsCounter.tsx
    
./src/app/page.tsx


./src/components/Test
imonialSlider.tsx:1:2
0
Ecmascript file had 
an error
[0m[31m[1m>[22m[
39m[90m 1 |[39m 
[36mimport[39m { 
useState[33m,[39m 
useEffect } 
[36mfrom[39m [32m'
react'[39m[33m;[39
m
 [90m   |[39m      
              [31m[
1m^[22m[39m[31m[1
m^[22m[39m[31m[1m
^[22m[39m[31m[1m^
[22m[39m[31m[1m^
[22m[39m[31m[1m^[
22m[39m[31m[1m^[2
2m[39m[31m[1m^[22
m[39m[31m[1m^[22m
[39m
 [90m 2 |[39m 
[36mimport[39m { 
motion[33m,[39m [3
3mAnimatePresence[39
m } [36mfrom[39m [
32m'framer-motion'[3
9m[33m;[39m
 [90m 3 |[39m 
[36mimport[39m { [
33mChevronLeft[39m[
33m,[39m [33mChevro
nRight[39m[33m,[39
m [33mQuote[39m } 
[36mfrom[39m [32m'
lucide-react'[39m[3
3m;[39m
 [90m 4 |[39m 
[36mimport[39m { 
[33mButton[39m } 
[36mfrom[39m [32m'
@/components/ui/butto
n'[39m[33m;[39m[0
m

You're importing a 
component that needs 
`useEffect`. This 
React Hook only 
works in a Client 
Component. To fix, 
mark the file (or 
its parent) with the 
`"use client"` 
directive.

 Learn more: https://
nextjs.org/docs/app/a
pi-reference/directiv
es/use-client



Import trace:
  Server Component:
    ./src/components/
TestimonialSlider.tsx
    
./src/app/page.tsx


./src/components/Test
imonialSlider.tsx:1:1
0
Ecmascript file had 
an error
[0m[31m[1m>[22m[
39m[90m 1 |[39m 
[36mimport[39m { 
useState[33m,[39m 
useEffect } 
[36mfrom[39m [32m'
react'[39m[33m;[39
m
 [90m   |[39m      
    [31m[1m^[22m[
39m[31m[1m^[22m[3
9m[31m[1m^[22m[39
m[31m[1m^[22m[39m
[31m[1m^[22m[39m
[31m[1m^[22m[39m[
31m[1m^[22m[39m[3
1m[1m^[22m[39m
 [90m 2 |[39m 
[36mimport[39m { 
motion[33m,[39m [3
3mAnimatePresence[39
m } [36mfrom[39m [
32m'framer-motion'[3
9m[33m;[39m
 [90m 3 |[39m 
[36mimport[39m { [
33mChevronLeft[39m[
33m,[39m [33mChevro
nRight[39m[33m,[39
m [33mQuote[39m } 
[36mfrom[39m [32m'
lucide-react'[39m[3
3m;[39m
 [90m 4 |[39m 
[36mimport[39m { 
[33mButton[39m } 
[36mfrom[39m [32m'
@/components/ui/butto
n'[39m[33m;[39m[0
m

You're importing a 
component that needs 
`useState`. This 
React Hook only 
works in a Client 
Component. To fix, 
mark the file (or 
its parent) with the 
`"use client"` 
directive.

 Learn more: https://
nextjs.org/docs/app/a
pi-reference/directiv
es/use-client



Import trace:
  Server Component:
    ./src/components/
TestimonialSlider.tsx
    
./src/app/page.tsx


./src/app/layout.tsx:
3:1
Module not found: 
Can't resolve 
'./globals.css'
[0m [90m 1 |[39m 
[36mimport[39m 
type { 
[33mMetadata[39m } 
[36mfrom[39m [32m"
next"[39m[33m;[39m
 [90m 2 |[39m 
[36mimport[39m { [
33mInter[39m[33m,[
39m [33mSpace_Grotes
k[39m } 
[36mfrom[39m [32m"
next/font/google"[39
m[33m;[39m
[31m[1m>[22m[39m
[90m 3 |[39m 
[36mimport[39m [32
m"./globals.css"[39m
[33m;[39m
 [90m   |[39m [31m
[1m^[22m[39m[31m
[1m^[22m[39m[31m[
1m^[22m[39m[31m[1
m^[22m[39m[31m[1m
^[22m[39m[31m[1m^
[22m[39m[31m[1m^
[22m[39m[31m[1m^[
22m[39m[31m[1m^[2
2m[39m[31m[1m^[22
m[39m[31m[1m^[22m
[39m[31m[1m^[22m
[39m[31m[1m^[22m[
39m[31m[1m^[22m[3
9m[31m[1m^[22m[39
m[31m[1m^[22m[39m
[31m[1m^[22m[39m
[31m[1m^[22m[39m[
31m[1m^[22m[39m[3
1m[1m^[22m[39m[31
m[1m^[22m[39m[31m
[1m^[22m[39m[31m
[1m^[22m[39m
 [90m 4 |[39m 
[36mimport[39m { 
[33mProviders[39m 
} [36mfrom[39m [32
m"@/components/provid
ers"[39m[33m;[39m
 [90m 5 |[39m
 [90m 6 |[39m 
[36mconst[39m 
inter [33m=[39m 
[33mInter[39m({ 
subsets[33m:[39m [
[32m"latin"[39m][33
m,[39m 
variable[33m:[39m 
[32m"--font-inter"[3
9m })[33m;[39m[0m



https://nextjs.org/do
cs/messages/module-no
t-found


    at <unknown> (./s
rc/components/Animate
dBackground.tsx:1:10)
    at <unknown> (./s
rc/components/Animate
dBackground.tsx:1:21)
    at <unknown> (./s
rc/components/HeroSec
tion.tsx:1:17)
    at <unknown> (./s
rc/components/Navbar.
tsx:1:28)
    at <unknown> (./s
rc/components/Navbar.
tsx:3:10)
    at <unknown> (./s
rc/components/Navbar.
tsx:1:20)
    at <unknown> (./s
rc/components/Navbar.
tsx:1:10)
    at <unknown> (./s
rc/components/StatsCo
unter.tsx:1:10)
    at <unknown> (./s
rc/components/StatsCo
unter.tsx:1:31)
    at <unknown> (./s
rc/components/StatsCo
unter.tsx:1:21)
    at <unknown> (./s
rc/components/Testimo
nialSlider.tsx:1:20)
    at <unknown> (./s
rc/components/Testimo
nialSlider.tsx:1:10)
    at <unknown> (./s
rc/app/layout.tsx:3:1
)
    at <unknown> (htt
ps://nextjs.org/docs/
messages/module-not-f
ound)
